// Jest Snapshot v1, https://goo.gl/fbAQLP

exports[`<App /> should be rendered correctly 1`] = `
<AppErrorBoundary>
  <Provider>
    <Component>
      <div
        className="page-container"
      >
        <Route
          render={[Function]}
        />
        <div
          className="page-container__content"
        >
          <Switch>
            <Route
              component={[Function]}
              exact={true}
              path={
                Array [
                  "/search/:searchString",
                  "/search/",
                  "/search",
                  "/",
                  "/film/:id?",
                ]
              }
            />
            <Route
              component={[Function]}
              path="/404"
            />
            <Route
              component={[Function]}
            />
          </Switch>
        </div>
        <PageFooter />
      </div>
    </Component>
  </Provider>
</AppErrorBoundary>
`;
