// Jest Snapshot v1, https://goo.gl/fbAQLP

exports[`<SearchInput /> should be rendered correctly 1`] = `
<div
  className="search-input"
>
  <div
    className="search-input__input"
  >
    <DummyInput
      onInput={[Function]}
      value=""
    />
  </div>
  <div
    className="search-input__controls"
  >
    <span
      className="search-input__text"
    >
      Search by
    </span>
    <div
      className="search-input__switcher"
    >
      <Switcher
        default="title"
        onChange={[Function]}
        variants={
          Array [
            "title",
            "genre",
          ]
        }
      />
    </div>
    <div
      className="search-input__submit"
    >
      <DummyButton
        isActive={true}
        onClick={[Function]}
        text="Search"
        width="100px"
      />
    </div>
  </div>
</div>
`;

exports[`<SearchInputContainer /> rendered correctly 1`] = `
<Route>
  <Component />
</Route>
`;
