// Jest Snapshot v1, https://goo.gl/fbAQLP

exports[`<FilmReslutsContainer /> <FilmResults /> rendered correctly in error state 1`] = `
<h1>
  Ooops, there is an error
</h1>
`;

exports[`<FilmReslutsContainer /> <FilmResults /> rendered correctly in loading state 1`] = `
<span>
  loading...
</span>
`;

exports[`<FilmReslutsContainer /> <FilmResults /> rendered correctly in normal state 1`] = `
<div
  className="film-results-container"
>
  <withRouter(FilmResultBody)
    filmResult={
      Object {
        "budget": 11000000,
        "genres": Array [
          "Adventure",
          "Action",
          "Science Fiction",
        ],
        "id": 11,
        "overview": "Princess Leia is captured and held hostage by the evil Imperial forces in their effort to take over the galactic Empire.",
        "poster_path": "https://image.tmdb.org/t/p/w500/btTdmkgIvOi0FFip1sPuZI2oQG6.jpg",
        "release_date": "1977-05-25",
        "revenue": 775398007,
        "runtime": 121,
        "tagline": "A long time ago in a galaxy far, far away...",
        "title": "Star Wars",
        "vote_average": 8.1,
        "vote_count": 8516,
      }
    }
    key="11"
    onClick={[Function]}
  />
</div>
`;

exports[`<FilmReslutsContainer /> rendered correctly in normal state 1`] = `
<ContextConsumer>
  <Component />
</ContextConsumer>
`;
