// Jest Snapshot v1, https://goo.gl/fbAQLP

exports[`<PageHeader /> should be rendered correctly 1`] = `
<header>
  <div
    className="page-header"
  >
    <div
      className="page-header__background"
    />
    <div
      className="page-header__container"
    >
      <Logo />
      <SearchPanel />
    </div>
  </div>
  <Connect(SearchResults) />
</header>
`;
