// Jest Snapshot v1, https://goo.gl/fbAQLP

exports[`render correctly 1`] = `
<div>
  <img
    alt="bla-bla"
    src=""
  />
  <h3>
    Tile
  </h3>
  <h4>
    Short Decrption
  </h4>
  <span>
    Duration
  </span>
  <span>
    Release Year
  </span>
  <span>
    Rating
  </span>
  <span>
    Description
  </span>
</div>
`;
