// Jest Snapshot v1, https://goo.gl/fbAQLP

exports[`render correctly 1`] = `
Array [
  <h1
    id="helloWorld"
  >
    Hello World! Task 1 within React Mentoring Programm
  </h1>,
  <li
    className="createElement"
  >
    Component created by React.createElement
  </li>,
  <li>
    Component created by React.Component
  </li>,
  <li>
    Component created by React.PureComponent
  </li>,
  <li>
    Component created by using function
  </li>,
]
`;
